First building id/name, followed by Enter: Second building id/name, followed by Enter: 
Unknown building: [unk]
First building id/name, followed by Enter: Second building id/name, followed by Enter: Unknown building: [unk]
First building id/name, followed by Enter: Second building id/name, followed by Enter: Unknown building: [130]
First building id/name, followed by Enter: Second building id/name, followed by Enter: 
Unknown building: [130]
First building id/name, followed by Enter: Second building id/name, followed by Enter: Unknown building: [130]
Unknown building: [unk]
First building id/name, followed by Enter: Second building id/name, followed by Enter: Unknown building: [unk]
Unknown building: [130]
